[probe] float-accepted regions in iterations.jsonl: 86
[ 1/86] B1m.h:106  cand=8.8399 curr=8.8399 d=+0.0000 hot=BIN1/coeff0.imag (9.6s)
[ 2/86] B4m.h:122  cand=8.8399 curr=8.8399 d=+0.0000 hot=BIN1/coeff0.imag (8.7s)
[ 3/86] B2m.h:151  cand=8.8399 curr=8.8399 d=+0.0000 hot=BIN1/coeff0.imag (8.9s)
[ 4/86] B0m.h:126  cand=8.8399 curr=8.8399 d=+0.0000 hot=BIN1/coeff0.imag (9.0s)
[ 5/86] B1m.h:111  cand=8.8399 curr=8.8399 d=+0.0000 hot=BIN1/coeff0.imag (9.1s)
[ 6/86] B1m.h:133  cand=8.8399 curr=8.8399 d=+0.0000 hot=BIN1/coeff0.imag (9.0s)
[ 7/86] kokkosUtils.h:583  cand=8.8399 curr=8.8399 d=+0.0000 hot=BIN1/coeff0.imag (8.8s)
[ 8/86] B4m.h:125  cand=8.8399 curr=8.8399 d=+0.0000 hot=BIN1/coeff0.imag (9.4s)
[ 9/86] B0m.h:125  cand=8.8399 curr=8.8399 d=+0.0000 hot=BIN1/coeff0.imag (9.3s)
[10/86] B4m.h:168  cand=8.8399 curr=8.8399 d=+0.0000 hot=BIN1/coeff0.imag (9.2s)
[11/86] kokkosUtils.h:580  cand=8.8399 curr=8.8399 d=+0.0000 hot=BIN1/coeff0.imag (9.2s)
[12/86] B0m.h:124  cand=8.8399 curr=8.8399 d=+0.0000 hot=BIN1/coeff0.imag (9.1s)
[13/86] B0m.h:329  cand=8.8399 curr=8.8399 d=+0.0000 hot=BIN1/coeff0.imag (10.1s)
[14/86] B0m.h:118  cand=8.8399 curr=8.8399 d=+0.0000 hot=BIN1/coeff0.imag (9.2s)
[15/86] B0m.h:150  cand=8.8399 curr=8.8399 d=+0.0000 hot=BIN1/coeff0.imag (9.1s)
[16/86] B0m.h:160  cand=8.8399 curr=8.8399 d=+0.0000 hot=BIN1/coeff0.imag (9.1s)
[17/86] B0m.h:261  cand=8.8399 curr=8.8399 d=+0.0000 hot=BIN1/coeff0.imag (9.2s)
[18/86] B1m.h:105  cand=8.8399 curr=8.8399 d=+0.0000 hot=BIN1/coeff0.imag (9.0s)
[19/86] B0m.h:331  cand=8.8399 curr=8.8399 d=+0.0000 hot=BIN1/coeff0.imag (10.2s)
[20/86] B1m.h:200  cand=8.8399 curr=8.8399 d=+0.0000 hot=BIN1/coeff0.imag (9.1s)
[21/86] B0m.h:330  cand=8.8399 curr=8.8399 d=+0.0000 hot=BIN1/coeff0.imag (9.0s)
[22/86] B1m.h:132  cand=8.8399 curr=8.8399 d=+0.0000 hot=BIN1/coeff0.imag (9.8s)
[23/86] B1m.h:61   cand=8.8399 curr=8.8399 d=+0.0000 hot=BIN1/coeff0.imag (9.1s)
[24/86] boxGPU.h:141  cand=8.8399 curr=8.8399 d=+0.0000 hot=BIN1/coeff0.imag (9.2s)
[25/86] boxGPU.h:142  cand=8.8399 curr=8.8399 d=+0.0000 hot=BIN1/coeff0.imag (9.0s)
[26/86] kokkosUtils.h:657  cand=8.8399 curr=8.8399 d=+0.0000 hot=BIN1/coeff0.imag (9.3s)
[27/86] B0m.h:224  cand=8.8399 curr=8.8399 d=+0.0000 hot=BIN1/coeff0.imag (9.2s)
[28/86] B0m.h:159  cand=8.8399 curr=8.8399 d=+0.0000 hot=BIN1/coeff0.imag (9.1s)
[29/86] B0m.h:346  cand=8.8399 curr=8.8399 d=+0.0000 hot=BIN1/coeff0.imag (9.1s)
[30/86] B2m.h:354  cand=8.8399 curr=8.8399 d=+0.0000 hot=BIN1/coeff0.imag (9.1s)
[31/86] B2m.h:125  cand=8.8399 curr=8.8399 d=+0.0000 hot=BIN1/coeff0.imag (9.1s)
[32/86] B2m.h:127  cand=8.8399 curr=8.8399 d=+0.0000 hot=BIN1/coeff0.imag (9.1s)
[33/86] boxGPU.h:99   cand=8.8399 curr=8.8399 d=+0.0000 hot=BIN1/coeff0.imag (9.1s)
[34/86] B0m.h:191  cand=8.8399 curr=8.8399 d=+0.0000 hot=BIN1/coeff0.imag (9.5s)
[35/86] B0m.h:307  cand=8.8399 curr=8.8399 d=+0.0000 hot=BIN1/coeff0.imag (9.9s)
[36/86] B0m.h:338  cand=8.8399 curr=8.8399 d=+0.0000 hot=BIN1/coeff0.imag (9.0s)
[37/86] B1m.h:203  cand=8.8399 curr=8.8399 d=+0.0000 hot=BIN1/coeff0.imag (9.2s)
[38/86] B2m.h:155  cand=8.8399 curr=8.8399 d=+0.0000 hot=BIN1/coeff0.imag (9.1s)
[39/86] B2m.h:193  cand=8.8399 curr=8.8399 d=+0.0000 hot=BIN1/coeff0.imag (9.3s)
[40/86] kokkosUtils.h:79   cand=8.8399 curr=8.8399 d=+0.0000 hot=BIN1/coeff0.imag (9.2s)
[41/86] B1m.h:227  cand=8.8399 curr=8.8399 d=+0.0000 hot=BIN1/coeff0.imag (9.2s)
[42/86] B2m.h:574  cand=8.8399 curr=8.8399 d=+0.0000 hot=BIN1/coeff0.imag (9.3s)
[43/86] B2m.h:576  cand=8.8399 curr=8.8399 d=+0.0000 hot=BIN1/coeff0.imag (9.3s)
[44/86] B4m.h:188  cand=8.8399 curr=8.8399 d=+0.0000 hot=BIN1/coeff0.imag (9.1s)
[45/86] B1m.h:163  cand=8.8399 curr=8.8399 d=+0.0000 hot=BIN1/coeff0.imag (8.8s)
[46/86] B1m.h:189  cand=8.8399 curr=8.8399 d=+0.0000 hot=BIN1/coeff0.imag (9.1s)
[47/86] B1m.h:199  cand=8.8399 curr=8.8399 d=+0.0000 hot=BIN1/coeff0.imag (9.2s)
[48/86] B1m.h:225  cand=8.8399 curr=8.8399 d=+0.0000 hot=BIN1/coeff0.imag (9.2s)
[49/86] B1m.h:237  cand=8.8399 curr=8.8399 d=+0.0000 hot=BIN1/coeff0.imag (9.1s)
[50/86] B2m.h:108  cand=8.8399 curr=8.8399 d=+0.0000 hot=BIN1/coeff0.imag (9.2s)
[51/86] B2m.h:109  cand=8.8399 curr=8.8399 d=+0.0000 hot=BIN1/coeff0.imag (9.2s)
[52/86] B2m.h:240  cand=8.8399 curr=8.8399 d=+0.0000 hot=BIN1/coeff0.imag (9.2s)
[53/86] B4m.h:146  cand=8.8399 curr=8.8399 d=+0.0000 hot=BIN1/coeff0.imag (9.2s)
[54/86] B4m.h:147  cand=8.8399 curr=8.8399 d=+0.0000 hot=BIN1/coeff0.imag (9.3s)
[55/86] B4m.h:148  cand=8.8399 curr=8.8399 d=+0.0000 hot=BIN1/coeff0.imag (9.3s)
[56/86] B4m.h:149  cand=8.8399 curr=8.8399 d=+0.0000 hot=BIN1/coeff0.imag (9.7s)
[57/86] B4m.h:150  cand=8.8399 curr=8.8399 d=+0.0000 hot=BIN1/coeff0.imag (9.1s)
[58/86] B4m.h:151  cand=8.8399 curr=8.8399 d=+0.0000 hot=BIN1/coeff0.imag (9.2s)
[59/86] B4m.h:180  cand=8.8399 curr=8.8399 d=+0.0000 hot=BIN1/coeff0.imag (9.1s)
[60/86] boxGPU.h:114  cand=8.8399 curr=8.8399 d=+0.0000 hot=BIN1/coeff0.imag (9.2s)
[61/86] boxGPU.h:115  cand=8.8399 curr=8.8399 d=+0.0000 hot=BIN1/coeff0.imag (9.1s)
[62/86] B0m.h:117  cand=8.8399 curr=8.8399 d=+0.0000 hot=BIN1/coeff0.imag (9.1s)
[63/86] B0m.h:305  cand=8.8399 curr=8.8399 d=+0.0000 hot=BIN1/coeff0.imag (9.4s)
[64/86] B1m.h:109  cand=8.8399 curr=8.8399 d=+0.0000 hot=BIN1/coeff0.imag (9.2s)
[65/86] B1m.h:125  cand=8.8399 curr=8.8399 d=+0.0000 hot=BIN1/coeff0.imag (9.1s)
[66/86] B1m.h:138  cand=8.8399 curr=8.8399 d=+0.0000 hot=BIN1/coeff0.imag (9.5s)
[67/86] B1m.h:174  cand=8.8399 curr=8.8399 d=+0.0000 hot=BIN1/coeff0.imag (10.0s)
[68/86] B1m.h:194  cand=8.8399 curr=8.8399 d=+0.0000 hot=BIN1/coeff0.imag (9.1s)
[69/86] B2m.h:129  cand=8.8399 curr=8.8399 d=+0.0000 hot=BIN1/coeff0.imag (9.2s)
[70/86] B2m.h:130  cand=8.8399 curr=8.8399 d=+0.0000 hot=BIN1/coeff0.imag (9.2s)
[71/86] B2m.h:160  cand=8.8399 curr=8.8399 d=+0.0000 hot=BIN1/coeff0.imag (9.2s)
[72/86] B2m.h:188  cand=8.8399 curr=8.8399 d=+0.0000 hot=BIN1/coeff0.imag (9.2s)
[73/86] B2m.h:646  cand=8.8399 curr=8.8399 d=+0.0000 hot=BIN1/coeff0.imag (9.2s)
[74/86] B3m.h:101  cand=8.8399 curr=8.8399 d=+0.0000 hot=BIN1/coeff0.imag (9.2s)
[75/86] B3m.h:102  cand=8.8399 curr=8.8399 d=+0.0000 hot=BIN1/coeff0.imag (9.3s)
[76/86] B3m.h:104  cand=8.8399 curr=8.8399 d=+0.0000 hot=BIN1/coeff0.imag (9.2s)
[77/86] boxGPU.h:139  cand=8.8399 curr=8.8399 d=+0.0000 hot=BIN1/coeff0.imag (9.6s)
[78/86] kokkosUtils.h:232  cand=8.8399 curr=8.8399 d=+0.0000 hot=BIN1/coeff0.imag (9.2s)
[79/86] kokkosUtils.h:367  cand=8.8399 curr=8.8399 d=+0.0000 hot=BIN1/coeff0.imag (9.1s)
[80/86] kokkosUtils.h:227  cand=8.8399 curr=8.8399 d=+0.0000 hot=BIN1/coeff0.imag (9.3s)
[81/86] kokkosUtils.h:369  cand=8.8399 curr=8.8399 d=+0.0000 hot=BIN1/coeff0.imag (9.2s)
[82/86] kokkosUtils.h:354  cand=8.8399 curr=8.8399 d=+0.0000 hot=BIN1/coeff0.imag (9.2s)
[83/86] B2m.h:235  cand=8.8399 curr=8.8399 d=+0.0000 hot=BIN1/coeff0.imag (9.3s)
[84/86] B2m.h:236  cand=8.8399 curr=8.8399 d=+0.0000 hot=BIN1/coeff0.imag (9.0s)
[85/86] B2m.h:232  cand=8.8399 curr=8.8399 d=+0.0000 hot=BIN1/coeff0.imag (9.3s)
[86/86] B2m.h:233  cand=8.8399 curr=8.8399 d=+0.0000 hot=BIN1/coeff0.imag (9.2s)

=== SURVIVAL TABLE ===
  tol=7 (source): 86/86
  tol=8: 86/86
  tol=9: 0/86
  tol=10: 0/86
  tol=11: 0/86
xcheck failures: 0 / 86
monotonicity violations: 0
results written: /home/rbarik/Agentic-Mixed-Precision-Demo/runs/qcdloop/float_retro_probe_results.json
total wall: 804.2s
