=== Tier-B Stage-1 config ===
  integrals   : ['B10', 'B13', 'B14']
  report      : runs/qcdloop/report_5k.json
  out         : /home/rbarik/Agentic-Mixed-Precision-Demo/runs/qcdloop/tier_b_stage1
  starting_sha: b7653df3c88e3906a62e07f41df333adc9ac6811
  gate        : chain lift >= 0.5 digits vs accumulated
=============================

=== Tier-B Stage-1: B10 ===
  chains total/computed : 2604 / 2596
  dominant chain        : cascade_B10_612f1391_494252c4
  tightness             : 3.332e-03
  measured max_rel_err  : 1.964e+01
  predicted dd lift     : +18.43 digits
  chain_lines (10):
      B1m.h:227
      B1m.h:240
      B1m.h:241
      kokkosUtils.h:174
      kokkosUtils.h:177
      kokkosUtils.h:199
      kokkosUtils.h:212
      kokkosUtils.h:702
      kokkosUtils.h:703
      kokkosUtils.h:704
  cascade_B10_612f1391_494252c4 -> apply_failed min None->None (patcher write_truncation (truncation): chain write_truncation: an INTERIOR region of chain cascade_B10_612f1391_494252c4 truncates every landing back to double (no wider persistent sink) — an intra-chain write injects double roundoff betwe) [286.9s]
  -> whole-app baseline None final None (lift None); kernel[B10] baseline None final None (lift None) outcome apply_failed

=== Tier-B Stage-1: B13 ===
  chains total/computed : 9962 / 9962
  dominant chain        : cascade_B13_79fc5b8f_f080f240
  tightness             : 7.080e-02
  measured max_rel_err  : 1.849e+02
  predicted dd lift     : +17.10 digits
  chain_lines (8):
      B2m.h:300
      B2m.h:301
      B2m.h:305
      B2m.h:306
      B2m.h:355
      B2m.h:533
      kokkosUtils.h:212
      kokkosUtils.h:702
  cascade_B13_79fc5b8f_f080f240 -> apply_failed min None->None (patcher write_truncation (truncation): chain write_truncation: an INTERIOR region of chain cascade_B13_79fc5b8f_f080f240 truncates every landing back to double (no wider persistent sink) — an intra-chain write injects double roundoff betwe) [76.6s]
  -> whole-app baseline None final None (lift None); kernel[B13] baseline None final None (lift None) outcome apply_failed

=== Tier-B Stage-1: B14 ===
  chains total/computed : 260 / 32
  dominant chain        : cascade_B14_3429b1d4_01bf2ff3
  tightness             : 1.986e-01
  measured max_rel_err  : 3.269e+05
  predicted dd lift     : +16.66 digits
  chain_lines (3):
      B2m.h:401
      B2m.h:578
      kokkosUtils.h:1208
  cascade_B14_3429b1d4_01bf2ff3 -> apply_failed min None->None (patcher write_truncation (truncation): chain write_truncation: an INTERIOR region of chain cascade_B14_3429b1d4_01bf2ff3 truncates every landing back to double (no wider persistent sink) — an intra-chain write injects double roundoff betwe) [117.7s]
  -> whole-app baseline None final None (lift None); kernel[B14] baseline None final None (lift None) outcome apply_failed

=== Tier-B Stage-1 summary (kernel-scoped) ===
  B10   apply_failed                 kernel_lift=None (pred +18.431916508005422) app_lift=None
  B13   apply_failed                 kernel_lift=None (pred +17.10454907468422) app_lift=None
  B14   apply_failed                 kernel_lift=None (pred +16.656606583267937) app_lift=None
  wrote /home/rbarik/Agentic-Mixed-Precision-Demo/runs/qcdloop/tier_b_stage1/TIER_B_STAGE1_2026-07-25.md
  STOP after Stage-1 — Reet reviews before Group B / all 21.
