=== wave3 DEDUP probe (sequential landing, second merges into first) ===
  headers_repo : /tmp/wave3_dedup_probe_6r15bhl3/headers_repo
  base_sha     : 5591d75513540c0ca79ba0cd52bb17cf024658da

--- [0] land box/B2m.h:64  (parent 5591d755)
    STATUS   : ok
--- [1] land box/B2m.h:84  (parent 7be263c2)
    STATUS   : ok

=== assembled TU after BOTH commits (candidate e0421997) ===

----- ql_shim_dd.h (canonical merged shim) -----
#pragma once
// SOURCE_HASH: 3b2087927f7ec9c0b2addeed1d568f58a48a8409a12a9e655e72512bfbfb72b9
// Canonical merged regional shim — one definition per TU-global
// symbol (Wave-3 dedup, agents/integrator_base/shim_merge.py).
#include <dd_math.hpp>
#include <dd_complex.hpp>

namespace ql {
    // Rule C5/C7: partial specialization keyed on the extended scalar.
    template <>
    struct Constants<quad::ddfun::ddouble> {
        // Rule 5 / R3 step 3a: source RHS `T(1.0)` — a plain double literal,
        // exact bit pair with zero low word.
        static inline quad::ddfun::ddouble _one() {
          return quad::ddfun::make_dd(0x3ff0000000000000ULL, 0x0000000000000000ULL);
        }

        // Rule 5 / R3 step 3a: source RHS `TOutput{_zero(), TScale(1e-50)}` — a
        // complex regulator 0 + i·1e-50. Rule 3 (container of floating-point):
        // return the full ddcomplex; do NOT collapse to a real scalar.
        template <class TOutput, class TMass, class TScale>
        static inline TOutput _ieps50() {
          return TOutput(
            quad::ddfun::make_dd(0x0000000000000000ULL, 0x0000000000000000ULL),
            quad::ddfun::make_dd(0x358dee7a4ad4b81fULL, 0x0000000000000000ULL)
          );
        }

        // Rule 5 / C5: partial specialization keyed on the extended scalar so this
        // definition wins over the library primary at the region's call site.
        // Rule 8/C4: no execution-space annotation — region dispatch is plain host code
        // (Kokkos::Array aggregate init at namespace/function scope, no parallel dispatch
        // shown); vendored dd ops carry their own annotations where needed.
        static inline quad::ddfun::ddouble _zero() {
            // Source: ql::Constants<T>::_zero() defined as T(0.0).
            return quad::ddfun::make_dd(0x0000000000000000ULL, 0x0000000000000000ULL);
        }
    };

    // Rule 2: floating-point magnitude stays in ddouble.
    inline quad::ddfun::ddouble kAbs(quad::ddfun::ddouble x) {
      return quad::ddfun::abs(x);
    }

    // Rule 2: max of two ddoubles returns a ddouble (vendored operator<).
    inline quad::ddfun::ddouble Max(quad::ddfun::ddouble a, quad::ddfun::ddouble b) {
      return (a < b) ? b : a;
    }
} // namespace ql


[criterion 3] Constants<ddouble> specs across whole TU: 1
[criterion 4] members in canonical Constants<ddouble>: ['_ieps50', '_one', '_zero']
[criterion 5] B2m.h call sites — Constants<>::_ieps50: 7, Constants<>::_one: 32, includes ql_shim_dd.h: True, leaked _name_dd() free fns: False

=== PROBE RESULT: PASS ✅ ===
  region A : box/B2m.h:64  -> ok
  region B : box/B2m.h:84  -> ok
  workdir kept: /tmp/wave3_dedup_probe_6r15bhl3
