=== wave3 probe (isolation, off pristine base) ===
  headers_repo : /tmp/wave3_probe_l35g6uoc/headers_repo
  starting_sha : 0b408b2e899bcaa434c7c7503e703a13887a9a8f

--- [0] box/B1m.h:63
    10k class : collision (redefinition Constants<ddouble>)
    predict   : ACCEPT (structural, not intrinsic)
    STATUS    : ok
    err_sig   : ok

--- [1] box/B2m.h:84
    10k class : collision (redefinition Constants<ddouble>)
    predict   : ACCEPT (structural, not intrinsic)
    STATUS    : ok
    err_sig   : ok

--- [2] box/B1m.h:62
    10k class : codegen defect (duplicate 'inline')
    predict   : ?? tests postprocess/prompt
    STATUS    : ok
    err_sig   : ok

--- [3] box/B4m.h:184
    10k class : R4 escape (ql::cLn manual classification)
    predict   : REPRODUCE (intrinsic transcendental)
    STATUS    : ok
    err_sig   : ok

--- [4] box/B3m.h:105
    10k class : template-id mismatch (Real<ddouble>)
    predict   : ?? intrinsic ADL-bridge
    STATUS    : ok
    err_sig   : ok

=== SUMMARY (stale-vs-broken split) ===
  box/B1m.h:63   ok               STALE/structural (accepts in isolation)
       10k=collision (redefinition Constants<ddouble>)  now_sig=ok
  box/B2m.h:84   ok               STALE/structural (accepts in isolation)
       10k=collision (redefinition Constants<ddouble>)  now_sig=ok
  box/B1m.h:62   ok               STALE/structural (accepts in isolation)
       10k=codegen defect (duplicate 'inline')  now_sig=ok
  box/B4m.h:184  ok               STALE/structural (accepts in isolation)
       10k=R4 escape (ql::cLn manual classification)  now_sig=ok
  box/B3m.h:105  ok               STALE/structural (accepts in isolation)
       10k=template-id mismatch (Real<ddouble>)  now_sig=ok

  workdir kept: /tmp/wave3_probe_l35g6uoc
