runs/qcdloop/tier_b_stage2_leaf_promotion/probe_evidence/probe_clone.cpp: In instantiation of ‘TOutput ql::Lnrat_B10(const TScale&, const TScale&) [with TOutput = quad::ddfun::ddcomplex; TMass = double; TScale = quad::ddfun::ddouble]’:
runs/qcdloop/tier_b_stage2_leaf_promotion/probe_evidence/probe_clone.cpp:88:59:   required from here
runs/qcdloop/tier_b_stage2_leaf_promotion/probe_evidence/probe_clone.cpp:77:35: error: no matching function for call to ‘Sign(quad::ddfun::ddouble)’
   77 |                 * TOutput(ql::Sign(-x) - ql::Sign(-y)));
      |                           ~~~~~~~~^~~~
In file included from runs/qcdloop/tier_b_stage2_leaf_promotion/probe_evidence/probe_clone.cpp:22:
src/kokkosMaths.h:328:32: note: candidate: ‘int ql::Sign(const double&)’
  328 |     KOKKOS_INLINE_FUNCTION int Sign(double const& x) {
      |                                ^~~~
src/kokkosMaths.h:328:51: note:   no known conversion for argument 1 from ‘quad::ddfun::ddouble’ to ‘const double&’
  328 |     KOKKOS_INLINE_FUNCTION int Sign(double const& x) {
      |                                     ~~~~~~~~~~~~~~^
src/kokkosMaths.h:332:52: note: candidate: ‘Kokkos::complex<double> ql::Sign(const Kokkos::complex<double>&)’
  332 |     KOKKOS_INLINE_FUNCTION Kokkos::complex<double> Sign(Kokkos::complex<double> const& x) {
      |                                                    ^~~~
src/kokkosMaths.h:332:88: note:   no known conversion for argument 1 from ‘quad::ddfun::ddouble’ to ‘const Kokkos::complex<double>&’
  332 |     KOKKOS_INLINE_FUNCTION Kokkos::complex<double> Sign(Kokkos::complex<double> const& x) {
      |                                                         ~~~~~~~~~~~~~~~~~~~~~~~~~~~~~~~^
runs/qcdloop/tier_b_stage2_leaf_promotion/probe_evidence/probe_clone.cpp:77:50: error: no matching function for call to ‘Sign(quad::ddfun::ddouble)’
   77 |                 * TOutput(ql::Sign(-x) - ql::Sign(-y)));
      |                                          ~~~~~~~~^~~~
src/kokkosMaths.h:328:32: note: candidate: ‘int ql::Sign(const double&)’
  328 |     KOKKOS_INLINE_FUNCTION int Sign(double const& x) {
      |                                ^~~~
src/kokkosMaths.h:328:51: note:   no known conversion for argument 1 from ‘quad::ddfun::ddouble’ to ‘const double&’
  328 |     KOKKOS_INLINE_FUNCTION int Sign(double const& x) {
      |                                     ~~~~~~~~~~~~~~^
src/kokkosMaths.h:332:52: note: candidate: ‘Kokkos::complex<double> ql::Sign(const Kokkos::complex<double>&)’
  332 |     KOKKOS_INLINE_FUNCTION Kokkos::complex<double> Sign(Kokkos::complex<double> const& x) {
      |                                                    ^~~~
src/kokkosMaths.h:332:88: note:   no known conversion for argument 1 from ‘quad::ddfun::ddouble’ to ‘const Kokkos::complex<double>&’
  332 |     KOKKOS_INLINE_FUNCTION Kokkos::complex<double> Sign(Kokkos::complex<double> const& x) {
      |                                                         ~~~~~~~~~~~~~~~~~~~~~~~~~~~~~~~^
src/kokkosMaths.h: In instantiation of ‘T ql::kAbs(const T&) [with T = quad::ddfun::ddouble]’:
runs/qcdloop/tier_b_stage2_leaf_promotion/probe_evidence/probe_clone.cpp:75:41:   required from ‘TOutput ql::Lnrat_B10(const TScale&, const TScale&) [with TOutput = quad::ddfun::ddcomplex; TMass = double; TScale = quad::ddfun::ddouble]’
runs/qcdloop/tier_b_stage2_leaf_promotion/probe_evidence/probe_clone.cpp:88:59:   required from here
src/kokkosMaths.h:274:27: error: no matching function for call to ‘abs(const quad::ddfun::ddouble&)’
  274 |         return Kokkos::abs(x);
      |                ~~~~~~~~~~~^~~
In file included from /home/rbarik/kokkos-install/include/Kokkos_MathematicalSpecialFunctions.hpp:18,
                 from /home/rbarik/kokkos-install/include/Kokkos_Core.hpp:41,
                 from runs/qcdloop/tier_b_stage2_leaf_promotion/probe_evidence/probe_clone.cpp:21:
/home/rbarik/kokkos-install/include/Kokkos_Complex.hpp:728:33: note: candidate: ‘template<class RealType> RealType Kokkos::abs(const complex<RealType>&)’
  728 | KOKKOS_INLINE_FUNCTION RealType abs(const complex<RealType>& x) {
      |                                 ^~~
/home/rbarik/kokkos-install/include/Kokkos_Complex.hpp:728:33: note:   template argument deduction/substitution failed:
src/kokkosMaths.h:274:27: note:   ‘const quad::ddfun::ddouble’ is not derived from ‘const Kokkos::complex<RealType>’
  274 |         return Kokkos::abs(x);
      |                ~~~~~~~~~~~^~~
In file included from /home/rbarik/kokkos-install/include/impl/Kokkos_Half_MathematicalFunctions.hpp:8,
                 from /home/rbarik/kokkos-install/include/Kokkos_Half.hpp:14,
                 from /home/rbarik/kokkos-install/include/Kokkos_Core.hpp:34:
/home/rbarik/kokkos-install/include/Kokkos_MathematicalFunctions.hpp:474:28: note: candidate: ‘int Kokkos::abs(int)’
  474 | KOKKOS_INLINE_FUNCTION int abs(int n) {
      |                            ^~~
/home/rbarik/kokkos-install/include/Kokkos_MathematicalFunctions.hpp:474:36: note:   no known conversion for argument 1 from ‘const quad::ddfun::ddouble’ to ‘int’
  474 | KOKKOS_INLINE_FUNCTION int abs(int n) {
      |                                ~~~~^
/home/rbarik/kokkos-install/include/Kokkos_MathematicalFunctions.hpp:478:29: note: candidate: ‘long int Kokkos::abs(long int)’
  478 | KOKKOS_INLINE_FUNCTION long abs(long n) {
      |                             ^~~
/home/rbarik/kokkos-install/include/Kokkos_MathematicalFunctions.hpp:478:38: note:   no known conversion for argument 1 from ‘const quad::ddfun::ddouble’ to ‘long int’
  478 | KOKKOS_INLINE_FUNCTION long abs(long n) {
      |                                 ~~~~~^
/home/rbarik/kokkos-install/include/Kokkos_MathematicalFunctions.hpp:487:34: note: candidate: ‘long long int Kokkos::abs(long long int)’
  487 | KOKKOS_INLINE_FUNCTION long long abs(long long n) {
      |                                  ^~~
/home/rbarik/kokkos-install/include/Kokkos_MathematicalFunctions.hpp:487:48: note:   no known conversion for argument 1 from ‘const quad::ddfun::ddouble’ to ‘long long int’
  487 | KOKKOS_INLINE_FUNCTION long long abs(long long n) {
      |                                      ~~~~~~~~~~^
/home/rbarik/kokkos-install/include/Kokkos_MathematicalFunctions.hpp:496:30: note: candidate: ‘float Kokkos::abs(float)’
  496 | KOKKOS_INLINE_FUNCTION float abs(float x) {
      |                              ^~~
/home/rbarik/kokkos-install/include/Kokkos_MathematicalFunctions.hpp:496:40: note:   no known conversion for argument 1 from ‘const quad::ddfun::ddouble’ to ‘float’
  496 | KOKKOS_INLINE_FUNCTION float abs(float x) {
      |                                  ~~~~~~^
/home/rbarik/kokkos-install/include/Kokkos_MathematicalFunctions.hpp:504:31: note: candidate: ‘double Kokkos::abs(double)’
  504 | KOKKOS_INLINE_FUNCTION double abs(double x) {
      |                               ^~~
/home/rbarik/kokkos-install/include/Kokkos_MathematicalFunctions.hpp:504:42: note:   no known conversion for argument 1 from ‘const quad::ddfun::ddouble’ to ‘double’
  504 | KOKKOS_INLINE_FUNCTION double abs(double x) {
      |                                   ~~~~~~~^
/home/rbarik/kokkos-install/include/Kokkos_MathematicalFunctions.hpp:512:20: note: candidate: ‘long double Kokkos::abs(long double)’
  512 | inline long double abs(long double x) {
      |                    ^~~
/home/rbarik/kokkos-install/include/Kokkos_MathematicalFunctions.hpp:512:36: note:   no known conversion for argument 1 from ‘const quad::ddfun::ddouble’ to ‘long double’
  512 | inline long double abs(long double x) {
      |                        ~~~~~~~~~~~~^
src/kokkosMaths.h: In instantiation of ‘T ql::kLog(const T&) [with T = quad::ddfun::ddouble]’:
runs/qcdloop/tier_b_stage2_leaf_promotion/probe_evidence/probe_clone.cpp:75:32:   required from ‘TOutput ql::Lnrat_B10(const TScale&, const TScale&) [with TOutput = quad::ddfun::ddcomplex; TMass = double; TScale = quad::ddfun::ddouble]’
runs/qcdloop/tier_b_stage2_leaf_promotion/probe_evidence/probe_clone.cpp:88:59:   required from here
src/kokkosMaths.h:292:27: error: no matching function for call to ‘log(const quad::ddfun::ddouble&)’
  292 |         return Kokkos::log(x);
      |                ~~~~~~~~~~~^~~
/home/rbarik/kokkos-install/include/Kokkos_MathematicalFunctions.hpp:562:33: note: candidate: ‘template<class T> std::enable_if_t<is_integral_v<T>, double> Kokkos::log(T)’
  562 | KOKKOS_IMPL_MATH_UNARY_FUNCTION(log)
      |                                 ^~~
/home/rbarik/kokkos-install/include/Kokkos_MathematicalFunctions.hpp:101:74: note: in definition of macro ‘KOKKOS_IMPL_MATH_UNARY_FUNCTION’
  101 |   KOKKOS_INLINE_FUNCTION std::enable_if_t<std::is_integral_v<T>, double> FUNC( \
      |                                                                          ^~~~
/home/rbarik/kokkos-install/include/Kokkos_MathematicalFunctions.hpp:562:33: note:   template argument deduction/substitution failed:
  562 | KOKKOS_IMPL_MATH_UNARY_FUNCTION(log)
      |                                 ^~~
/home/rbarik/kokkos-install/include/Kokkos_MathematicalFunctions.hpp:101:74: note: in definition of macro ‘KOKKOS_IMPL_MATH_UNARY_FUNCTION’
  101 |   KOKKOS_INLINE_FUNCTION std::enable_if_t<std::is_integral_v<T>, double> FUNC( \
      |                                                                          ^~~~
In file included from /soft/compilers/gcc/13.3.0/x86_64-suse-linux/include/c++/13.3.0/bits/char_traits.h:50,
                 from /soft/compilers/gcc/13.3.0/x86_64-suse-linux/include/c++/13.3.0/string:42,
                 from /home/rbarik/kokkos-install/include/impl/Kokkos_Error.hpp:7,
                 from /home/rbarik/kokkos-install/include/Kokkos_Core_fwd.hpp:17,
                 from /home/rbarik/kokkos-install/include/Kokkos_Core.hpp:30:
/soft/compilers/gcc/13.3.0/x86_64-suse-linux/include/c++/13.3.0/type_traits: In substitution of ‘template<bool _Cond, class _Tp> using std::enable_if_t = typename std::enable_if::type [with bool _Cond = false; _Tp = double]’:
/home/rbarik/kokkos-install/include/Kokkos_MathematicalFunctions.hpp:562:1:   required by substitution of ‘template<class T> std::enable_if_t<is_integral_v<T>, double> Kokkos::log(T) [with T = quad::ddfun::ddouble]’
src/kokkosMaths.h:292:27:   required from ‘T ql::kLog(const T&) [with T = quad::ddfun::ddouble]’
runs/qcdloop/tier_b_stage2_leaf_promotion/probe_evidence/probe_clone.cpp:75:32:   required from ‘TOutput ql::Lnrat_B10(const TScale&, const TScale&) [with TOutput = quad::ddfun::ddcomplex; TMass = double; TScale = quad::ddfun::ddouble]’
runs/qcdloop/tier_b_stage2_leaf_promotion/probe_evidence/probe_clone.cpp:88:59:   required from here
/soft/compilers/gcc/13.3.0/x86_64-suse-linux/include/c++/13.3.0/type_traits:2610:11: error: no type named ‘type’ in ‘struct std::enable_if<false, double>’
 2610 |     using enable_if_t = typename enable_if<_Cond, _Tp>::type;
      |           ^~~~~~~~~~~
src/kokkosMaths.h: In instantiation of ‘T ql::kLog(const T&) [with T = quad::ddfun::ddouble]’:
runs/qcdloop/tier_b_stage2_leaf_promotion/probe_evidence/probe_clone.cpp:75:32:   required from ‘TOutput ql::Lnrat_B10(const TScale&, const TScale&) [with TOutput = quad::ddfun::ddcomplex; TMass = double; TScale = quad::ddfun::ddouble]’
runs/qcdloop/tier_b_stage2_leaf_promotion/probe_evidence/probe_clone.cpp:88:59:   required from here
/home/rbarik/kokkos-install/include/Kokkos_Complex.hpp:826:50: note: candidate: ‘template<class RealType> Kokkos::complex<RealType> Kokkos::log(const complex<RealType>&)’
  826 | KOKKOS_INLINE_FUNCTION Kokkos::complex<RealType> log(
      |                                                  ^~~
/home/rbarik/kokkos-install/include/Kokkos_Complex.hpp:826:50: note:   template argument deduction/substitution failed:
src/kokkosMaths.h:292:27: note:   ‘const quad::ddfun::ddouble’ is not derived from ‘const Kokkos::complex<RealType>’
  292 |         return Kokkos::log(x);
      |                ~~~~~~~~~~~^~~
/home/rbarik/kokkos-install/include/Kokkos_MathematicalFunctions.hpp:562:33: note: candidate: ‘float Kokkos::log(float)’
  562 | KOKKOS_IMPL_MATH_UNARY_FUNCTION(log)
      |                                 ^~~
/home/rbarik/kokkos-install/include/Kokkos_MathematicalFunctions.hpp:80:32: note: in definition of macro ‘KOKKOS_IMPL_MATH_UNARY_FUNCTION’
   80 |   KOKKOS_INLINE_FUNCTION float FUNC(float x) {                                 \
      |                                ^~~~
/home/rbarik/kokkos-install/include/Kokkos_MathematicalFunctions.hpp:80:43: note:   no known conversion for argument 1 from ‘const quad::ddfun::ddouble’ to ‘float’
   80 |   KOKKOS_INLINE_FUNCTION float FUNC(float x) {                                 \
      |                                     ~~~~~~^
/home/rbarik/kokkos-install/include/Kokkos_MathematicalFunctions.hpp:562:1: note: in expansion of macro ‘KOKKOS_IMPL_MATH_UNARY_FUNCTION’
  562 | KOKKOS_IMPL_MATH_UNARY_FUNCTION(log)
      | ^~~~~~~~~~~~~~~~~~~~~~~~~~~~~~~
/home/rbarik/kokkos-install/include/Kokkos_MathematicalFunctions.hpp:562:33: note: candidate: ‘double Kokkos::log(double)’
  562 | KOKKOS_IMPL_MATH_UNARY_FUNCTION(log)
      |                                 ^~~
/home/rbarik/kokkos-install/include/Kokkos_MathematicalFunctions.hpp:84:33: note: in definition of macro ‘KOKKOS_IMPL_MATH_UNARY_FUNCTION’
   84 |   KOKKOS_INLINE_FUNCTION double FUNC(double x) {                               \
      |                                 ^~~~
/home/rbarik/kokkos-install/include/Kokkos_MathematicalFunctions.hpp:84:45: note:   no known conversion for argument 1 from ‘const quad::ddfun::ddouble’ to ‘double’
   84 |   KOKKOS_INLINE_FUNCTION double FUNC(double x) {                               \
      |                                      ~~~~~~~^
/home/rbarik/kokkos-install/include/Kokkos_MathematicalFunctions.hpp:562:1: note: in expansion of macro ‘KOKKOS_IMPL_MATH_UNARY_FUNCTION’
  562 | KOKKOS_IMPL_MATH_UNARY_FUNCTION(log)
      | ^~~~~~~~~~~~~~~~~~~~~~~~~~~~~~~
/home/rbarik/kokkos-install/include/Kokkos_MathematicalFunctions.hpp:562:33: note: candidate: ‘long double Kokkos::log(long double)’
  562 | KOKKOS_IMPL_MATH_UNARY_FUNCTION(log)
      |                                 ^~~
/home/rbarik/kokkos-install/include/Kokkos_MathematicalFunctions.hpp:88:22: note: in definition of macro ‘KOKKOS_IMPL_MATH_UNARY_FUNCTION’
   88 |   inline long double FUNC(long double x) {                                     \
      |                      ^~~~
/home/rbarik/kokkos-install/include/Kokkos_MathematicalFunctions.hpp:88:39: note:   no known conversion for argument 1 from ‘const quad::ddfun::ddouble’ to ‘long double’
   88 |   inline long double FUNC(long double x) {                                     \
      |                           ~~~~~~~~~~~~^
/home/rbarik/kokkos-install/include/Kokkos_MathematicalFunctions.hpp:562:1: note: in expansion of macro ‘KOKKOS_IMPL_MATH_UNARY_FUNCTION’
  562 | KOKKOS_IMPL_MATH_UNARY_FUNCTION(log)
      | ^~~~~~~~~~~~~~~~~~~~~~~~~~~~~~~
